Cloning into '_public'...
Unhandled SIMPLE-ERROR in thread #<SB-THREAD:THREAD "main thread" RUNNING
                                    {1001F176C3}>:
  There is no applicable method for the generic function
    #<STANDARD-GENERIC-FUNCTION PLUMP-DOM:CLONE-NODE (11)>
  when called with arguments
    ("<p><em>You might have already noticed that there are bunch of &quot;command
line interface&quot; libraries for Common Lisp. What's the difference!?</em></p>

<p>Below is a brief comparison of different libraries. The evaluation
thoroughly depends on my (Masataro Asai aka guicho271828) personal taste
and not subject to rigorous tests, however I hope it would give you a grasp of the relationship / dominance between these libraries.</p>

<!-- Obscure feature is almost equivalent to be nonexistent. -- a bit too strong, since other people may know of those features. -->

<p>See also: <a href=\"http://eudoxia.me/article/common-lisp-sotu-2015\">State of the Common Lisp Ecosystem, 2015</a></p>
<table>
<thead>
<tr><th>
Feature</th><th>
Roswell</th><th>
CIM</th><th>
cl-launch</th><th>
buildapp</th></tr>
</thead>
<tbody>
<tr><td>
--- <strong>Implementation Management</strong></td><td>
</td><td>
</td><td>
</td><td>
</td></tr>
<tr><td>
Launching a script with different lisp impls</td><td>
✔</td><td>
✔</td><td>
✔</td><td>
⚠</td></tr>
<tr><td>
Managing (install, switch) lisp impls</td><td>
✔</td><td>
✔</td><td>
</td><td>
</td></tr>
<tr><td>
Managing (install, switch) lisp impls+versions</td><td>
✔</td><td>
✔</td><td>
</td><td>
</td></tr>
<tr><td>
--- <strong>Supported Impl</strong></td><td>
</td><td>
</td><td>
</td><td>
</td></tr>
<tr><td>
sbcl</td><td>
✔</td><td>
✔</td><td>
✔</td><td>
✔</td></tr>
<tr><td>
ccl</td><td>
✔</td><td>
✔</td><td>
✔</td><td>
✔</td></tr>
<tr><td>
ecl</td><td>
✔</td><td>
✔</td><td>
✔</td><td>
</td></tr>
<tr><td>
clisp</td><td>
✔</td><td>
✔</td><td>
✔</td><td>
</td></tr>
<tr><td>
lispworks</td><td>
</td><td>
</td><td>
✔</td><td>
</td></tr>
<tr><td>
abcl</td><td>
✔</td><td>
✔</td><td>
✔2</td><td>
</td></tr>
<tr><td>
cmucl</td><td>
✔</td><td>
✔</td><td>
✔</td><td>
</td></tr>
<tr><td>
alisp (allegro)</td><td>
✔</td><td>
✔</td><td>
✔1</td><td>
</td></tr>
<tr><td>
gcl (obsoleted, not ANSI anyway)</td><td>
</td><td>
</td><td>
✔1 (ANSI mode)</td><td>
</td></tr>
<tr><td>
scienner (who cares?)</td><td>
</td><td>
</td><td>
✔1</td><td>
</td></tr>
<tr><td>
xcl (seems dead: last update 2010 Oct)</td><td>
</td><td>
</td><td>
✔2</td><td>
</td></tr>
<tr><td>
--- <strong>Scripting</strong></td><td>
</td><td>
</td><td>
</td><td>
</td></tr>
<tr><td>
Script templates</td><td>
✔</td><td>
</td><td>
</td><td>
</td></tr>
<tr><td>
Managing several script templates</td><td>
✔</td><td>
</td><td>
</td><td>
</td></tr>
<tr><td>
Managing scripts</td><td>
✔</td><td>
</td><td>
</td><td>
</td></tr>
<tr><td>
Bundling/installing a script to/from a quicklisp library</td><td>
✔</td><td>
</td><td>
</td><td>
</td></tr>
<tr><td>
Shell integration (e.g. bash completion)</td><td>
✔</td><td>
✔</td><td>
</td><td>
</td></tr>
<tr><td>
--- <strong>Dumping</strong></td><td>
</td><td>
</td><td>
</td><td>
</td></tr>
<tr><td>
Dump feature</td><td>
✔</td><td>
</td><td>
✔</td><td>
✔</td></tr>
<tr><td>
Managing dumped images</td><td>
✔</td><td>
</td><td>
</td><td>
</td></tr>
<tr><td>
--- <strong>CI integration</strong></td><td>
</td><td>
</td><td>
</td><td>
</td></tr>
<tr><td>
Local installation (no sudo)</td><td>
✔</td><td>
</td><td>
</td><td>
</td></tr>
<tr><td>
Helper scripts</td><td>
✔</td><td>
⚠ (via cl-travis)</td><td>
</td><td>
</td></tr>
<tr><td>
--- <strong>Quality</strong></td><td>
</td><td>
</td><td>
</td><td>
</td></tr>
<tr><td>
Documentation</td><td>
✔ organized manpage</td><td>
✔ organized man page</td><td>
⚠ Overlength manual @ <a href=\"http://www.cliki.net/cl-launch\">--help / cliki</a></td><td>
✔ <a href=\"http://www.xach.com/lisp/buildapp/\">web page</a></td></tr>
<tr><td>
Code Quality</td><td>
clean?</td><td>
&quot;sh circus&quot; (シェル芸) (keens)</td><td>
<a href=\"https://gitlab.common-lisp.net/xcvb/cl-launch/blob/master/89INTERNALS#L9\">&quot;Hard to Hack&quot;</a> (fare)</td><td>
clean?</td></tr>
<tr><td>
CI-Tested</td><td>
✔</td><td>
</td><td>
</td><td>
</td></tr>
<tr><td>
--- <strong>Others</strong></td><td>
</td><td>
</td><td>
</td><td>
</td></tr>
<tr><td>
Windows support</td><td>
✔</td><td>
</td><td>
</td><td>
</td></tr>
<tr><td>
Easy Upgrade</td><td>
</td><td>
✔ cim get</td><td>
</td><td>
</td></tr>
<tr><td>
Practical Use Case (reputation)</td><td>
good</td><td>
mainly on CI?</td><td>
fair?</td><td>
good</td></tr>
<tr><td>
Implemented in</td><td>
C+lisp</td><td>
sh+lisp</td><td>
sh+lisp</td><td>
lisp</td></tr>
</tbody>
</table>

<p>Re: Shelly, the author (Fukamachi) declared (to be precise, &quot;I think I heard him saying&quot;) it as deprecated and &quot;dead&quot; by himself.</p>
").

Backtrace for: #<SB-THREAD:THREAD "main thread" RUNNING {1001F176C3}>
0: (SB-DEBUG::DEBUGGER-DISABLED-HOOK #<SIMPLE-ERROR "~@<There is no applicable method for the generic function ~2I~_~S~
          ~I~_when called with arguments ~2I~_~S.~:>" {10065EA973}> #<unused argument>)
1: (SB-DEBUG::RUN-HOOK SB-EXT:*INVOKE-DEBUGGER-HOOK* #<SIMPLE-ERROR "~@<There is no applicable method for the generic function ~2I~_~S~
          ~I~_when called with arguments ~2I~_~S.~:>" {10065EA973}>)
2: (INVOKE-DEBUGGER #<SIMPLE-ERROR "~@<There is no applicable method for the generic function ~2I~_~S~
          ~I~_when called with arguments ~2I~_~S.~:>" {10065EA973}>)
3: (ERROR "~@<There is no applicable method for the generic function ~2I~_~S~
          ~I~_when called with arguments ~2I~_~S.~:>" #<STANDARD-GENERIC-FUNCTION PLUMP-DOM:CLONE-NODE (11)> ("<p><em>You might have already noticed that there are bunch of &quot;command
line interface&quot; libraries for Common Lisp. What's the difference!?</em></p>

<p>Below is a brief comparison of different libraries. The evaluation
thoroughly depends on my (Masataro Asai aka guicho271828) personal taste
and not subject to rigorous tests, however I hope it would give you a grasp of the relationship / dominance between these libraries.</p>

<!-- Obscure feature is almost equivalent to be nonexistent. -- a bit too strong, since other people may know of those features. -->

<p>See also: <a href=\"http://eudoxia.me/article/common-lisp-sotu-2015\">State of the Common Lisp Ecosystem, 2015</a></p>
<table>
<thead>
<tr><th>
Feature</th><th>
Roswell</th><th>
CIM</th><th>
cl-launch</th><th>
buildapp</th></tr>
</thead>
<tbody>
<tr><td>
--- <strong>Implementation Management</strong></td><td>
</td><td>
</td><td>
</td><td>
</td></tr>
<tr><td>
Launching a script with different lisp impls</td><td>
✔</td><td>
✔</td><td>
✔</td><td>
⚠</td></tr>
<tr><td>
Managing (install, switch) lisp impls</td><td>
✔</td><td>
✔</td><td>
</td><td>
</td></tr>
<tr><td>
Managing (install, switch) lisp impls+versions</td><td>
✔</td><td>
✔</td><td>
</td><td>
</td></tr>
<tr><td>
--- <strong>Supported Impl</strong></td><td>
</td><td>
</td><td>
</td><td>
</td></tr>
<tr><td>
sbcl</td><td>
✔</td><td>
✔</td><td>
✔</td><td>
✔</td></tr>
<tr><td>
ccl</td><td>
✔</td><td>
✔</td><td>
✔</td><td>
✔</td></tr>
<tr><td>
ecl</td><td>
✔</td><td>
✔</td><td>
✔</td><td>
</td></tr>
<tr><td>
clisp</td><td>
✔</td><td>
✔</td><td>
✔</td><td>
</td></tr>
<tr><td>
lispworks</td><td>
</td><td>
</td><td>
✔</td><td>
</td></tr>
<tr><td>
abcl</td><td>
✔</td><td>
✔</td><td>
✔2</td><td>
</td></tr>
<tr><td>
cmucl</td><td>
✔</td><td>
✔</td><td>
✔</td><td>
</td></tr>
<tr><td>
alisp (allegro)</td><td>
✔</td><td>
✔</td><td>
✔1</td><td>
</td></tr>
<tr><td>
gcl (obsoleted, not ANSI anyway)</td><td>
</td><td>
</td><td>
✔1 (ANSI mode)</td><td>
</td></tr>
<tr><td>
scienner (who cares?)</td><td>
</td><td>
</td><td>
✔1</td><td>
</td></tr>
<tr><td>
xcl (seems dead: last update 2010 Oct)</td><td>
</td><td>
</td><td>
✔2</td><td>
</td></tr>
<tr><td>
--- <strong>Scripting</strong></td><td>
</td><td>
</td><td>
</td><td>
</td></tr>
<tr><td>
Script templates</td><td>
✔</td><td>
</td><td>
</td><td>
</td></tr>
<tr><td>
Managing several script templates</td><td>
✔</td><td>
</td><td>
</td><td>
</td></tr>
<tr><td>
Managing scripts</td><td>
✔</td><td>
</td><td>
</td><td>
</td></tr>
<tr><td>
Bundling/installing a script to/from a quicklisp library</td><td>
✔</td><td>
</td><td>
</td><td>
</td></tr>
<tr><td>
Shell integration (e.g. bash completion)</td><td>
✔</td><td>
✔</td><td>
</td><td>
</td></tr>
<tr><td>
--- <strong>Dumping</strong></td><td>
</td><td>
</td><td>
</td><td>
</td></tr>
<tr><td>
Dump feature</td><td>
✔</td><td>
</td><td>
✔</td><td>
✔</td></tr>
<tr><td>
Managing dumped images</td><td>
✔</td><td>
</td><td>
</td><td>
</td></tr>
<tr><td>
--- <strong>CI integration</strong></td><td>
</td><td>
</td><td>
</td><td>
</td></tr>
<tr><td>
Local installation (no sudo)</td><td>
✔</td><td>
</td><td>
</td><td>
</td></tr>
<tr><td>
Helper scripts</td><td>
✔</td><td>
⚠ (via cl-travis)</td><td>
</td><td>
</td></tr>
<tr><td>
--- <strong>Quality</strong></td><td>
</td><td>
</td><td>
</td><td>
</td></tr>
<tr><td>
Documentation</td><td>
✔ organized manpage</td><td>
✔ organized man page</td><td>
⚠ Overlength manual @ <a href=\"http://www.cliki.net/cl-launch\">--help / cliki</a></td><td>
✔ <a href=\"http://www.xach.com/lisp/buildapp/\">web page</a></td></tr>
<tr><td>
Code Quality</td><td>
clean?</td><td>
&quot;sh circus&quot; (シェル芸) (keens)</td><td>
<a href=\"https://gitlab.common-lisp.net/xcvb/cl-launch/blob/master/89INTERNALS#L9\">&quot;Hard to Hack&quot;</a> (fare)</td><td>
clean?</td></tr>
<tr><td>
CI-Tested</td><td>
✔</td><td>
</td><td>
</td><td>
</td></tr>
<tr><td>
--- <strong>Others</strong></td><td>
</td><td>
</td><td>
</td><td>
</td></tr>
<tr><td>
Windows support</td><td>
✔</td><td>
</td><td>
</td><td>
</td></tr>
<tr><td>
Easy Upgrade</td><td>
</td><td>
✔ cim get</td><td>
</td><td>
</td></tr>
<tr><td>
Practical Use Case (reputation)</td><td>
good</td><td>
mainly on CI?</td><td>
fair?</td><td>
good</td></tr>
<tr><td>
Implemented in</td><td>
C+lisp</td><td>
sh+lisp</td><td>
sh+lisp</td><td>
lisp</td></tr>
</tbody>
</table>

<p>Re: Shelly, the author (Fukamachi) declared (to be precise, &quot;I think I heard him saying&quot;) it as deprecated and &quot;dead&quot; by himself.</p>
"))
4: ((:METHOD NO-APPLICABLE-METHOD (T)) #<STANDARD-GENERIC-FUNCTION PLUMP-DOM:CLONE-NODE (11)> "<p><em>You might have already noticed that there are bunch of &quot;command
line interface&quot; libraries for Common Lisp. What's the difference!?</em></p>

<p>Below is a brief comparison of different libraries. The evaluation
thoroughly depends on my (Masataro Asai aka guicho271828) personal taste
and not subject to rigorous tests, however I hope it would give you a grasp of the relationship / dominance between these libraries.</p>

<!-- Obscure feature is almost equivalent to be nonexistent. -- a bit too strong, since other people may know of those features. -->

<p>See also: <a href=\"http://eudoxia.me/article/common-lisp-sotu-2015\">State of the Common Lisp Ecosystem, 2015</a></p>
<table>
<thead>
<tr><th>
Feature</th><th>
Roswell</th><th>
CIM</th><th>
cl-launch</th><th>
buildapp</th></tr>
</thead>
<tbody>
<tr><td>
--- <strong>Implementation Management</strong></td><td>
</td><td>
</td><td>
</td><td>
</td></tr>
<tr><td>
Launching a script with different lisp impls</td><td>
✔</td><td>
✔</td><td>
✔</td><td>
⚠</td></tr>
<tr><td>
Managing (install, switch) lisp impls</td><td>
✔</td><td>
✔</td><td>
</td><td>
</td></tr>
<tr><td>
Managing (install, switch) lisp impls+versions</td><td>
✔</td><td>
✔</td><td>
</td><td>
</td></tr>
<tr><td>
--- <strong>Supported Impl</strong></td><td>
</td><td>
</td><td>
</td><td>
</td></tr>
<tr><td>
sbcl</td><td>
✔</td><td>
✔</td><td>
✔</td><td>
✔</td></tr>
<tr><td>
ccl</td><td>
✔</td><td>
✔</td><td>
✔</td><td>
✔</td></tr>
<tr><td>
ecl</td><td>
✔</td><td>
✔</td><td>
✔</td><td>
</td></tr>
<tr><td>
clisp</td><td>
✔</td><td>
✔</td><td>
✔</td><td>
</td></tr>
<tr><td>
lispworks</td><td>
</td><td>
</td><td>
✔</td><td>
</td></tr>
<tr><td>
abcl</td><td>
✔</td><td>
✔</td><td>
✔2</td><td>
</td></tr>
<tr><td>
cmucl</td><td>
✔</td><td>
✔</td><td>
✔</td><td>
</td></tr>
<tr><td>
alisp (allegro)</td><td>
✔</td><td>
✔</td><td>
✔1</td><td>
</td></tr>
<tr><td>
gcl (obsoleted, not ANSI anyway)</td><td>
</td><td>
</td><td>
✔1 (ANSI mode)</td><td>
</td></tr>
<tr><td>
scienner (who cares?)</td><td>
</td><td>
</td><td>
✔1</td><td>
</td></tr>
<tr><td>
xcl (seems dead: last update 2010 Oct)</td><td>
</td><td>
</td><td>
✔2</td><td>
</td></tr>
<tr><td>
--- <strong>Scripting</strong></td><td>
</td><td>
</td><td>
</td><td>
</td></tr>
<tr><td>
Script templates</td><td>
✔</td><td>
</td><td>
</td><td>
</td></tr>
<tr><td>
Managing several script templates</td><td>
✔</td><td>
</td><td>
</td><td>
</td></tr>
<tr><td>
Managing scripts</td><td>
✔</td><td>
</td><td>
</td><td>
</td></tr>
<tr><td>
Bundling/installing a script to/from a quicklisp library</td><td>
✔</td><td>
</td><td>
</td><td>
</td></tr>
<tr><td>
Shell integration (e.g. bash completion)</td><td>
✔</td><td>
✔</td><td>
</td><td>
</td></tr>
<tr><td>
--- <strong>Dumping</strong></td><td>
</td><td>
</td><td>
</td><td>
</td></tr>
<tr><td>
Dump feature</td><td>
✔</td><td>
</td><td>
✔</td><td>
✔</td></tr>
<tr><td>
Managing dumped images</td><td>
✔</td><td>
</td><td>
</td><td>
</td></tr>
<tr><td>
--- <strong>CI integration</strong></td><td>
</td><td>
</td><td>
</td><td>
</td></tr>
<tr><td>
Local installation (no sudo)</td><td>
✔</td><td>
</td><td>
</td><td>
</td></tr>
<tr><td>
Helper scripts</td><td>
✔</td><td>
⚠ (via cl-travis)</td><td>
</td><td>
</td></tr>
<tr><td>
--- <strong>Quality</strong></td><td>
</td><td>
</td><td>
</td><td>
</td></tr>
<tr><td>
Documentation</td><td>
✔ organized manpage</td><td>
✔ organized man page</td><td>
⚠ Overlength manual @ <a href=\"http://www.cliki.net/cl-launch\">--help / cliki</a></td><td>
✔ <a href=\"http://www.xach.com/lisp/buildapp/\">web page</a></td></tr>
<tr><td>
Code Quality</td><td>
clean?</td><td>
&quot;sh circus&quot; (シェル芸) (keens)</td><td>
<a href=\"https://gitlab.common-lisp.net/xcvb/cl-launch/blob/master/89INTERNALS#L9\">&quot;Hard to Hack&quot;</a> (fare)</td><td>
clean?</td></tr>
<tr><td>
CI-Tested</td><td>
✔</td><td>
</td><td>
</td><td>
</td></tr>
<tr><td>
--- <strong>Others</strong></td><td>
</td><td>
</td><td>
</td><td>
</td></tr>
<tr><td>
Windows support</td><td>
✔</td><td>
</td><td>
</td><td>
</td></tr>
<tr><td>
Easy Upgrade</td><td>
</td><td>
✔ cim get</td><td>
</td><td>
</td></tr>
<tr><td>
Practical Use Case (reputation)</td><td>
good</td><td>
mainly on CI?</td><td>
fair?</td><td>
good</td></tr>
<tr><td>
Implemented in</td><td>
C+lisp</td><td>
sh+lisp</td><td>
sh+lisp</td><td>
lisp</td></tr>
</tbody>
</table>

<p>Re: Shelly, the author (Fukamachi) declared (to be precise, &quot;I think I heard him saying&quot;) it as deprecated and &quot;dead&quot; by himself.</p>
") [fast-method]
5: (SB-PCL::CALL-NO-APPLICABLE-METHOD #<STANDARD-GENERIC-FUNCTION PLUMP-DOM:CLONE-NODE (11)> ("<p><em>You might have already noticed that there are bunch of &quot;command
line interface&quot; libraries for Common Lisp. What's the difference!?</em></p>

<p>Below is a brief comparison of different libraries. The evaluation
thoroughly depends on my (Masataro Asai aka guicho271828) personal taste
and not subject to rigorous tests, however I hope it would give you a grasp of the relationship / dominance between these libraries.</p>

<!-- Obscure feature is almost equivalent to be nonexistent. -- a bit too strong, since other people may know of those features. -->

<p>See also: <a href=\"http://eudoxia.me/article/common-lisp-sotu-2015\">State of the Common Lisp Ecosystem, 2015</a></p>
<table>
<thead>
<tr><th>
Feature</th><th>
Roswell</th><th>
CIM</th><th>
cl-launch</th><th>
buildapp</th></tr>
</thead>
<tbody>
<tr><td>
--- <strong>Implementation Management</strong></td><td>
</td><td>
</td><td>
</td><td>
</td></tr>
<tr><td>
Launching a script with different lisp impls</td><td>
✔</td><td>
✔</td><td>
✔</td><td>
⚠</td></tr>
<tr><td>
Managing (install, switch) lisp impls</td><td>
✔</td><td>
✔</td><td>
</td><td>
</td></tr>
<tr><td>
Managing (install, switch) lisp impls+versions</td><td>
✔</td><td>
✔</td><td>
</td><td>
</td></tr>
<tr><td>
--- <strong>Supported Impl</strong></td><td>
</td><td>
</td><td>
</td><td>
</td></tr>
<tr><td>
sbcl</td><td>
✔</td><td>
✔</td><td>
✔</td><td>
✔</td></tr>
<tr><td>
ccl</td><td>
✔</td><td>
✔</td><td>
✔</td><td>
✔</td></tr>
<tr><td>
ecl</td><td>
✔</td><td>
✔</td><td>
✔</td><td>
</td></tr>
<tr><td>
clisp</td><td>
✔</td><td>
✔</td><td>
✔</td><td>
</td></tr>
<tr><td>
lispworks</td><td>
</td><td>
</td><td>
✔</td><td>
</td></tr>
<tr><td>
abcl</td><td>
✔</td><td>
✔</td><td>
✔2</td><td>
</td></tr>
<tr><td>
cmucl</td><td>
✔</td><td>
✔</td><td>
✔</td><td>
</td></tr>
<tr><td>
alisp (allegro)</td><td>
✔</td><td>
✔</td><td>
✔1</td><td>
</td></tr>
<tr><td>
gcl (obsoleted, not ANSI anyway)</td><td>
</td><td>
</td><td>
✔1 (ANSI mode)</td><td>
</td></tr>
<tr><td>
scienner (who cares?)</td><td>
</td><td>
</td><td>
✔1</td><td>
</td></tr>
<tr><td>
xcl (seems dead: last update 2010 Oct)</td><td>
</td><td>
</td><td>
✔2</td><td>
</td></tr>
<tr><td>
--- <strong>Scripting</strong></td><td>
</td><td>
</td><td>
</td><td>
</td></tr>
<tr><td>
Script templates</td><td>
✔</td><td>
</td><td>
</td><td>
</td></tr>
<tr><td>
Managing several script templates</td><td>
✔</td><td>
</td><td>
</td><td>
</td></tr>
<tr><td>
Managing scripts</td><td>
✔</td><td>
</td><td>
</td><td>
</td></tr>
<tr><td>
Bundling/installing a script to/from a quicklisp library</td><td>
✔</td><td>
</td><td>
</td><td>
</td></tr>
<tr><td>
Shell integration (e.g. bash completion)</td><td>
✔</td><td>
✔</td><td>
</td><td>
</td></tr>
<tr><td>
--- <strong>Dumping</strong></td><td>
</td><td>
</td><td>
</td><td>
</td></tr>
<tr><td>
Dump feature</td><td>
✔</td><td>
</td><td>
✔</td><td>
✔</td></tr>
<tr><td>
Managing dumped images</td><td>
✔</td><td>
</td><td>
</td><td>
</td></tr>
<tr><td>
--- <strong>CI integration</strong></td><td>
</td><td>
</td><td>
</td><td>
</td></tr>
<tr><td>
Local installation (no sudo)</td><td>
✔</td><td>
</td><td>
</td><td>
</td></tr>
<tr><td>
Helper scripts</td><td>
✔</td><td>
⚠ (via cl-travis)</td><td>
</td><td>
</td></tr>
<tr><td>
--- <strong>Quality</strong></td><td>
</td><td>
</td><td>
</td><td>
</td></tr>
<tr><td>
Documentation</td><td>
✔ organized manpage</td><td>
✔ organized man page</td><td>
⚠ Overlength manual @ <a href=\"http://www.cliki.net/cl-launch\">--help / cliki</a></td><td>
✔ <a href=\"http://www.xach.com/lisp/buildapp/\">web page</a></td></tr>
<tr><td>
Code Quality</td><td>
clean?</td><td>
&quot;sh circus&quot; (シェル芸) (keens)</td><td>
<a href=\"https://gitlab.common-lisp.net/xcvb/cl-launch/blob/master/89INTERNALS#L9\">&quot;Hard to Hack&quot;</a> (fare)</td><td>
clean?</td></tr>
<tr><td>
CI-Tested</td><td>
✔</td><td>
</td><td>
</td><td>
</td></tr>
<tr><td>
--- <strong>Others</strong></td><td>
</td><td>
</td><td>
</td><td>
</td></tr>
<tr><td>
Windows support</td><td>
✔</td><td>
</td><td>
</td><td>
</td></tr>
<tr><td>
Easy Upgrade</td><td>
</td><td>
✔ cim get</td><td>
</td><td>
</td></tr>
<tr><td>
Practical Use Case (reputation)</td><td>
good</td><td>
mainly on CI?</td><td>
fair?</td><td>
good</td></tr>
<tr><td>
Implemented in</td><td>
C+lisp</td><td>
sh+lisp</td><td>
sh+lisp</td><td>
lisp</td></tr>
</tbody>
</table>

<p>Re: Shelly, the author (Fukamachi) declared (to be precise, &quot;I think I heard him saying&quot;) it as deprecated and &quot;dead&quot; by himself.</p>
"))
6: (LQUERY-FUNCS:APPEND #(#<PLUMP-DOM:ELEMENT article {10064634A3}>) #("<p><em>You might have already noticed that there are bunch of &quot;command
line interface&quot; libraries for Common Lisp. What's the difference!?</em></p>

<p>Below is a brief comparison of different libraries. The evaluation
thoroughly depends on my (Masataro Asai aka guicho271828) personal taste
and not subject to rigorous tests, however I hope it would give you a grasp of the relationship / dominance between these libraries.</p>

<!-- Obscure feature is almost equivalent to be nonexistent. -- a bit too strong, since other people may know of those features. -->

<p>See also: <a href=\"http://eudoxia.me/article/common-lisp-sotu-2015\">State of the Common Lisp Ecosystem, 2015</a></p>
<table>
<thead>
<tr><th>
Feature</th><th>
Roswell</th><th>
CIM</th><th>
cl-launch</th><th>
buildapp</th></tr>
</thead>
<tbody>
<tr><td>
--- <strong>Implementation Management</strong></td><td>
</td><td>
</td><td>
</td><td>
</td></tr>
<tr><td>
Launching a script with different lisp impls</td><td>
✔</td><td>
✔</td><td>
✔</td><td>
⚠</td></tr>
<tr><td>
Managing (install, switch) lisp impls</td><td>
✔</td><td>
✔</td><td>
</td><td>
</td></tr>
<tr><td>
Managing (install, switch) lisp impls+versions</td><td>
✔</td><td>
✔</td><td>
</td><td>
</td></tr>
<tr><td>
--- <strong>Supported Impl</strong></td><td>
</td><td>
</td><td>
</td><td>
</td></tr>
<tr><td>
sbcl</td><td>
✔</td><td>
✔</td><td>
✔</td><td>
✔</td></tr>
<tr><td>
ccl</td><td>
✔</td><td>
✔</td><td>
✔</td><td>
✔</td></tr>
<tr><td>
ecl</td><td>
✔</td><td>
✔</td><td>
✔</td><td>
</td></tr>
<tr><td>
clisp</td><td>
✔</td><td>
✔</td><td>
✔</td><td>
</td></tr>
<tr><td>
lispworks</td><td>
</td><td>
</td><td>
✔</td><td>
</td></tr>
<tr><td>
abcl</td><td>
✔</td><td>
✔</td><td>
✔2</td><td>
</td></tr>
<tr><td>
cmucl</td><td>
✔</td><td>
✔</td><td>
✔</td><td>
</td></tr>
<tr><td>
alisp (allegro)</td><td>
✔</td><td>
✔</td><td>
✔1</td><td>
</td></tr>
<tr><td>
gcl (obsoleted, not ANSI anyway)</td><td>
</td><td>
</td><td>
✔1 (ANSI mode)</td><td>
</td></tr>
<tr><td>
scienner (who cares?)</td><td>
</td><td>
</td><td>
✔1</td><td>
</td></tr>
<tr><td>
xcl (seems dead: last update 2010 Oct)</td><td>
</td><td>
</td><td>
✔2</td><td>
</td></tr>
<tr><td>
--- <strong>Scripting</strong></td><td>
</td><td>
</td><td>
</td><td>
</td></tr>
<tr><td>
Script templates</td><td>
✔</td><td>
</td><td>
</td><td>
</td></tr>
<tr><td>
Managing several script templates</td><td>
✔</td><td>
</td><td>
</td><td>
</td></tr>
<tr><td>
Managing scripts</td><td>
✔</td><td>
</td><td>
</td><td>
</td></tr>
<tr><td>
Bundling/installing a script to/from a quicklisp library</td><td>
✔</td><td>
</td><td>
</td><td>
</td></tr>
<tr><td>
Shell integration (e.g. bash completion)</td><td>
✔</td><td>
✔</td><td>
</td><td>
</td></tr>
<tr><td>
--- <strong>Dumping</strong></td><td>
</td><td>
</td><td>
</td><td>
</td></tr>
<tr><td>
Dump feature</td><td>
✔</td><td>
</td><td>
✔</td><td>
✔</td></tr>
<tr><td>
Managing dumped images</td><td>
✔</td><td>
</td><td>
</td><td>
</td></tr>
<tr><td>
--- <strong>CI integration</strong></td><td>
</td><td>
</td><td>
</td><td>
</td></tr>
<tr><td>
Local installation (no sudo)</td><td>
✔</td><td>
</td><td>
</td><td>
</td></tr>
<tr><td>
Helper scripts</td><td>
✔</td><td>
⚠ (via cl-travis)</td><td>
</td><td>
</td></tr>
<tr><td>
--- <strong>Quality</strong></td><td>
</td><td>
</td><td>
</td><td>
</td></tr>
<tr><td>
Documentation</td><td>
✔ organized manpage</td><td>
✔ organized man page</td><td>
⚠ Overlength manual @ <a href=\"http://www.cliki.net/cl-launch\">--help / cliki</a></td><td>
✔ <a href=\"http://www.xach.com/lisp/buildapp/\">web page</a></td></tr>
<tr><td>
Code Quality</td><td>
clean?</td><td>
&quot;sh circus&quot; (シェル芸) (keens)</td><td>
<a href=\"https://gitlab.common-lisp.net/xcvb/cl-launch/blob/master/89INTERNALS#L9\">&quot;Hard to Hack&quot;</a> (fare)</td><td>
clean?</td></tr>
<tr><td>
CI-Tested</td><td>
✔</td><td>
</td><td>
</td><td>
</td></tr>
<tr><td>
--- <strong>Others</strong></td><td>
</td><td>
</td><td>
</td><td>
</td></tr>
<tr><td>
Windows support</td><td>
✔</td><td>
</td><td>
</td><td>
</td></tr>
<tr><td>
Easy Upgrade</td><td>
</td><td>
✔ cim get</td><td>
</td><td>
</td></tr>
<tr><td>
Practical Use Case (reputation)</td><td>
good</td><td>
mainly on CI?</td><td>
fair?</td><td>
good</td></tr>
<tr><td>
Implemented in</td><td>
C+lisp</td><td>
sh+lisp</td><td>
sh+lisp</td><td>
lisp</td></tr>
</tbody>
</table>

<p>Re: Shelly, the author (Fukamachi) declared (to be precise, &quot;I think I heard him saying&quot;) it as deprecated and &quot;dead&quot; by himself.</p>
"))
7: ((LAMBDA (CLIP::NODE CLIP::VALUE) :IN "/home/masaya/.roswell/lisp/quicklisp/dists/quicklisp/software/clip-20170830-git/attr-processors.lisp") #<PLUMP-DOM:ELEMENT article {10064634A3}> "(append article)")
8: (CLIP:PROCESS-ATTRIBUTES #<PLUMP-DOM:ELEMENT article {10064634A3}>)
9: (CLIP:PROCESS-TAG "article" #<PLUMP-DOM:ELEMENT article {10064634A3}>)
10: (CLIP:PROCESS-NODE #<PLUMP-DOM:ELEMENT article {10064634A3}>)
11: (CLIP:PROCESS-CHILDREN #<PLUMP-DOM:ELEMENT div {1006461BE3}>)
12: (CLIP:PROCESS-NODE #<PLUMP-DOM:ELEMENT div {1006461BE3}>)
13: (CLIP:PROCESS-CHILDREN #<PLUMP-DOM:ELEMENT main {100645F593}>)
14: (CLIP:PROCESS-NODE #<PLUMP-DOM:ELEMENT main {100645F593}>)
15: (CLIP:PROCESS-CHILDREN #<PLUMP-DOM:ELEMENT body {10064590D3}>)
16: (CLIP:PROCESS-NODE #<PLUMP-DOM:ELEMENT body {10064590D3}>)
17: (CLIP:PROCESS-CHILDREN #<PLUMP-DOM:ELEMENT html {100644D7E3}>)
18: (CLIP:PROCESS-NODE #<PLUMP-DOM:ELEMENT html {100644D7E3}>)
19: (CLIP:PROCESS-CHILDREN #<PLUMP-DOM:ROOT {100644C953}>)
20: (CLIP:PROCESS-NODE #<PLUMP-DOM:ROOT {100644C953}>)
21: (CLIP:PROCESS "<!doctype html>
<html lang=\"en\">
  <head>
    <meta charset=\"UTF-8\"/>
    <title lquery=\"(text title)\">TITLE</title>
    <link rel=\"stylesheet\"
	  href=\"https://unpkg.com/purecss@1.0.0/build/pure-min.css\"
	  integrity=\"sha384-nn4HPE8lTHyVtfCBi5yW9d20FjT8BJwUXyWZT9InLYax14RDjBj46LmSztkmNP9w\"
	  crossorigin=\"anonymous\">
    <link rel=\"stylesheet\"
	  href=\"https://unpkg.com/purecss@1.0.0/build/grids-responsive-min.css\">
    <link rel=\"stylesheet\"
	  href=\"https://cdnjs.cloudflare.com/ajax/libs/highlight.js/9.4.0/styles/tomorrow.min.css\" />
    <link rel=\"stylesheet\" href=\"style.css\"/>
    <script src=\"https://cdnjs.cloudflare.com/ajax/libs/highlight.js/9.4.0/highlight.min.js\"></script>
    <script src=\"https://cdnjs.cloudflare.com/ajax/libs/highlight.js/9.4.0/languages/lisp.min.js\"></script>
    <script src=\"https://cdnjs.cloudflare.com/ajax/libs/highlight.js/9.4.0/languages/yaml.min.js\"></script>
    <script>hljs.initHighlightingOnLoad();</script>
  </head>
  <body>
    <header class=\"pure-menu pure-menu-horizontal\">
      <a href=\"https://roswell.github.io/\" class=\"pure-menu-heading pure-menu-link\">Roswell</a>
      <ul class=\"pure-menu-list\">
	<li class=\"pure-menu-item\">
	  <a class=\"pure-menu-link\" href=\"https://github.com/roswell/roswell\">
	    Contribute in GitHub
	  </a>
	</li>
      </ul>
    </header>
    <main class=\"pure-g\">
      <div id=\"index\" class=\"pure-u-1-1 pure-u-md-1-4\"
	   lquery=\"(append navigation)\">
      </div>
      <div id=\"content\" class=\"pure-u-1-1 pure-u-md-3-4\">
	<h1 lquery=\"(text title)\"></h1>
	<article lquery=\"(append article)\"></article>
      </div>
    </main>
    <footer>
      Copyright &copy; 2018 Roswell All Rights Reserved.
    </footer>
  </body>
</html>
" :TITLE "How is Roswell different" :ARTICLE #("<p><em>You might have already noticed that there are bunch of &quot;command
line interface&quot; libraries for Common Lisp. What's the difference!?</em></p>

<p>Below is a brief comparison of different libraries. The evaluation
thoroughly depends on my (Masataro Asai aka guicho271828) personal taste
and not subject to rigorous tests, however I hope it would give you a grasp of the relationship / dominance between these libraries.</p>

<!-- Obscure feature is almost equivalent to be nonexistent. -- a bit too strong, since other people may know of those features. -->

<p>See also: <a href=\"http://eudoxia.me/article/common-lisp-sotu-2015\">State of the Common Lisp Ecosystem, 2015</a></p>
<table>
<thead>
<tr><th>
Feature</th><th>
Roswell</th><th>
CIM</th><th>
cl-launch</th><th>
buildapp</th></tr>
</thead>
<tbody>
<tr><td>
--- <strong>Implementation Management</strong></td><td>
</td><td>
</td><td>
</td><td>
</td></tr>
<tr><td>
Launching a script with different lisp impls</td><td>
✔</td><td>
✔</td><td>
✔</td><td>
⚠</td></tr>
<tr><td>
Managing (install, switch) lisp impls</td><td>
✔</td><td>
✔</td><td>
</td><td>
</td></tr>
<tr><td>
Managing (install, switch) lisp impls+versions</td><td>
✔</td><td>
✔</td><td>
</td><td>
</td></tr>
<tr><td>
--- <strong>Supported Impl</strong></td><td>
</td><td>
</td><td>
</td><td>
</td></tr>
<tr><td>
sbcl</td><td>
✔</td><td>
✔</td><td>
✔</td><td>
✔</td></tr>
<tr><td>
ccl</td><td>
✔</td><td>
✔</td><td>
✔</td><td>
✔</td></tr>
<tr><td>
ecl</td><td>
✔</td><td>
✔</td><td>
✔</td><td>
</td></tr>
<tr><td>
clisp</td><td>
✔</td><td>
✔</td><td>
✔</td><td>
</td></tr>
<tr><td>
lispworks</td><td>
</td><td>
</td><td>
✔</td><td>
</td></tr>
<tr><td>
abcl</td><td>
✔</td><td>
✔</td><td>
✔2</td><td>
</td></tr>
<tr><td>
cmucl</td><td>
✔</td><td>
✔</td><td>
✔</td><td>
</td></tr>
<tr><td>
alisp (allegro)</td><td>
✔</td><td>
✔</td><td>
✔1</td><td>
</td></tr>
<tr><td>
gcl (obsoleted, not ANSI anyway)</td><td>
</td><td>
</td><td>
✔1 (ANSI mode)</td><td>
</td></tr>
<tr><td>
scienner (who cares?)</td><td>
</td><td>
</td><td>
✔1</td><td>
</td></tr>
<tr><td>
xcl (seems dead: last update 2010 Oct)</td><td>
</td><td>
</td><td>
✔2</td><td>
</td></tr>
<tr><td>
--- <strong>Scripting</strong></td><td>
</td><td>
</td><td>
</td><td>
</td></tr>
<tr><td>
Script templates</td><td>
✔</td><td>
</td><td>
</td><td>
</td></tr>
<tr><td>
Managing several script templates</td><td>
✔</td><td>
</td><td>
</td><td>
</td></tr>
<tr><td>
Managing scripts</td><td>
✔</td><td>
</td><td>
</td><td>
</td></tr>
<tr><td>
Bundling/installing a script to/from a quicklisp library</td><td>
✔</td><td>
</td><td>
</td><td>
</td></tr>
<tr><td>
Shell integration (e.g. bash completion)</td><td>
✔</td><td>
✔</td><td>
</td><td>
</td></tr>
<tr><td>
--- <strong>Dumping</strong></td><td>
</td><td>
</td><td>
</td><td>
</td></tr>
<tr><td>
Dump feature</td><td>
✔</td><td>
</td><td>
✔</td><td>
✔</td></tr>
<tr><td>
Managing dumped images</td><td>
✔</td><td>
</td><td>
</td><td>
</td></tr>
<tr><td>
--- <strong>CI integration</strong></td><td>
</td><td>
</td><td>
</td><td>
</td></tr>
<tr><td>
Local installation (no sudo)</td><td>
✔</td><td>
</td><td>
</td><td>
</td></tr>
<tr><td>
Helper scripts</td><td>
✔</td><td>
⚠ (via cl-travis)</td><td>
</td><td>
</td></tr>
<tr><td>
--- <strong>Quality</strong></td><td>
</td><td>
</td><td>
</td><td>
</td></tr>
<tr><td>
Documentation</td><td>
✔ organized manpage</td><td>
✔ organized man page</td><td>
⚠ Overlength manual @ <a href=\"http://www.cliki.net/cl-launch\">--help / cliki</a></td><td>
✔ <a href=\"http://www.xach.com/lisp/buildapp/\">web page</a></td></tr>
<tr><td>
Code Quality</td><td>
clean?</td><td>
&quot;sh circus&quot; (シェル芸) (keens)</td><td>
<a href=\"https://gitlab.common-lisp.net/xcvb/cl-launch/blob/master/89INTERNALS#L9\">&quot;Hard to Hack&quot;</a> (fare)</td><td>
clean?</td></tr>
<tr><td>
CI-Tested</td><td>
✔</td><td>
</td><td>
</td><td>
</td></tr>
<tr><td>
--- <strong>Others</strong></td><td>
</td><td>
</td><td>
</td><td>
</td></tr>
<tr><td>
Windows support</td><td>
✔</td><td>
</td><td>
</td><td>
</td></tr>
<tr><td>
Easy Upgrade</td><td>
</td><td>
✔ cim get</td><td>
</td><td>
</td></tr>
<tr><td>
Practical Use Case (reputation)</td><td>
good</td><td>
mainly on CI?</td><td>
fair?</td><td>
good</td></tr>
<tr><td>
Implemented in</td><td>
C+lisp</td><td>
sh+lisp</td><td>
sh+lisp</td><td>
lisp</td></tr>
</tbody>
</table>

<p>Re: Shelly, the author (Fukamachi) declared (to be precise, &quot;I think I heard him saying&quot;) it as deprecated and &quot;dead&quot; by himself.</p>
") :NAVIGATION "<h2>Home</h2>

<ul>
<li><a href=\"Home.html\">Home</a></li>
<li><a href=\"How-is-Roswell-different.html\">How is Roswell different</a></li>
</ul>

<h2>Getting started</h2>

<ul>
<li><a href=\"Installation.html\">Installation</a></li>
<li><a href=\"Initial-Recommended-Setup.html\">Initial Recommended Setup</a></li>
<li><a href=\"Upgrading-Roswell.html\">Upgrading Roswell</a></li>
<li><a href=\"Local-installation.html\">Local installation</a></li>
<li><a href=\"How-to-setup-a-lisp-dev-environment-on-windows-with-Roswell..html\">How to setup a lisp dev environment on windows with Roswell.</a></li>
</ul>

<h2>Roswell as a scripting environment</h2>

<ul>
<li><a href=\"Roswell-as-a-Scripting-Environment.html\">Roswell as a Scripting Environment</a></li>
<li><a href=\"Advanced-scripting.html\">Advanced scripting</a></li>
<li><a href=\"Reducing-Startup-Time.html\">Reducing Startup Time</a></li>
<li><a href=\"List-of-Roswell-Installable-Scripts.html\">List of Roswell Installable Scripts</a></li>
<li><a href=\"Practical-Usecases.html\">Practical Usecases</a></li>
<li><a href=\"Building-images-and-executables.html\">Building images and executables</a></li>
</ul>

<h2>Roswell as an implementation manager</h2>

<ul>
<li><a href=\"Roswell-as-an-implementation-manager.html\">Roswell as an implementation manager</a></li>
<li><a href=\"Listing-various-resources.html\">Listing various resources</a></li>
</ul>

<h2>Roswell as a Testing Environment</h2>

<ul>
<li><a href=\"Roswell-as-a-Testing-Environment.html\">Roswell as a Testing Environment</a></li>
<li><a href=\"Travis-CI.html\">Travis CI</a></li>
<li><a href=\"Circle-CI.html\">Circle CI</a></li>
<li><a href=\"Coveralls.html\">Coveralls</a></li>
</ul>

<h2>Distributing applications</h2>

<ul>
<li><a href=\"How-to-distribute-your-software,-not-library,-on-Quicklisp-ala-python-pip.html\">How to distribute your software, not library, on Quicklisp ala python pip</a></li>
</ul>

<h2>FAQ</h2>

<ul>
<li><a href=\"FAQ.html\">FAQ</a></li>
</ul>

<h2>For Developpers/Maintainers</h2>

<ul>
<li><a href=\"Release-Roswell.html\">Release Roswell</a></li>
</ul>
")
22: (CLIP:PROCESS-TO-STRING "<!doctype html>
<html lang=\"en\">
  <head>
    <meta charset=\"UTF-8\"/>
    <title lquery=\"(text title)\">TITLE</title>
    <link rel=\"stylesheet\"
	  href=\"https://unpkg.com/purecss@1.0.0/build/pure-min.css\"
	  integrity=\"sha384-nn4HPE8lTHyVtfCBi5yW9d20FjT8BJwUXyWZT9InLYax14RDjBj46LmSztkmNP9w\"
	  crossorigin=\"anonymous\">
    <link rel=\"stylesheet\"
	  href=\"https://unpkg.com/purecss@1.0.0/build/grids-responsive-min.css\">
    <link rel=\"stylesheet\"
	  href=\"https://cdnjs.cloudflare.com/ajax/libs/highlight.js/9.4.0/styles/tomorrow.min.css\" />
    <link rel=\"stylesheet\" href=\"style.css\"/>
    <script src=\"https://cdnjs.cloudflare.com/ajax/libs/highlight.js/9.4.0/highlight.min.js\"></script>
    <script src=\"https://cdnjs.cloudflare.com/ajax/libs/highlight.js/9.4.0/languages/lisp.min.js\"></script>
    <script src=\"https://cdnjs.cloudflare.com/ajax/libs/highlight.js/9.4.0/languages/yaml.min.js\"></script>
    <script>hljs.initHighlightingOnLoad();</script>
  </head>
  <body>
    <header class=\"pure-menu pure-menu-horizontal\">
      <a href=\"https://roswell.github.io/\" class=\"pure-menu-heading pure-menu-link\">Roswell</a>
      <ul class=\"pure-menu-list\">
	<li class=\"pure-menu-item\">
	  <a class=\"pure-menu-link\" href=\"https://github.com/roswell/roswell\">
	    Contribute in GitHub
	  </a>
	</li>
      </ul>
    </header>
    <main class=\"pure-g\">
      <div id=\"index\" class=\"pure-u-1-1 pure-u-md-1-4\"
	   lquery=\"(append navigation)\">
      </div>
      <div id=\"content\" class=\"pure-u-1-1 pure-u-md-3-4\">
	<h1 lquery=\"(text title)\"></h1>
	<article lquery=\"(append article)\"></article>
      </div>
    </main>
    <footer>
      Copyright &copy; 2018 Roswell All Rights Reserved.
    </footer>
  </body>
</html>
" :TITLE "How is Roswell different" :ARTICLE #("<p><em>You might have already noticed that there are bunch of &quot;command
line interface&quot; libraries for Common Lisp. What's the difference!?</em></p>

<p>Below is a brief comparison of different libraries. The evaluation
thoroughly depends on my (Masataro Asai aka guicho271828) personal taste
and not subject to rigorous tests, however I hope it would give you a grasp of the relationship / dominance between these libraries.</p>

<!-- Obscure feature is almost equivalent to be nonexistent. -- a bit too strong, since other people may know of those features. -->

<p>See also: <a href=\"http://eudoxia.me/article/common-lisp-sotu-2015\">State of the Common Lisp Ecosystem, 2015</a></p>
<table>
<thead>
<tr><th>
Feature</th><th>
Roswell</th><th>
CIM</th><th>
cl-launch</th><th>
buildapp</th></tr>
</thead>
<tbody>
<tr><td>
--- <strong>Implementation Management</strong></td><td>
</td><td>
</td><td>
</td><td>
</td></tr>
<tr><td>
Launching a script with different lisp impls</td><td>
✔</td><td>
✔</td><td>
✔</td><td>
⚠</td></tr>
<tr><td>
Managing (install, switch) lisp impls</td><td>
✔</td><td>
✔</td><td>
</td><td>
</td></tr>
<tr><td>
Managing (install, switch) lisp impls+versions</td><td>
✔</td><td>
✔</td><td>
</td><td>
</td></tr>
<tr><td>
--- <strong>Supported Impl</strong></td><td>
</td><td>
</td><td>
</td><td>
</td></tr>
<tr><td>
sbcl</td><td>
✔</td><td>
✔</td><td>
✔</td><td>
✔</td></tr>
<tr><td>
ccl</td><td>
✔</td><td>
✔</td><td>
✔</td><td>
✔</td></tr>
<tr><td>
ecl</td><td>
✔</td><td>
✔</td><td>
✔</td><td>
</td></tr>
<tr><td>
clisp</td><td>
✔</td><td>
✔</td><td>
✔</td><td>
</td></tr>
<tr><td>
lispworks</td><td>
</td><td>
</td><td>
✔</td><td>
</td></tr>
<tr><td>
abcl</td><td>
✔</td><td>
✔</td><td>
✔2</td><td>
</td></tr>
<tr><td>
cmucl</td><td>
✔</td><td>
✔</td><td>
✔</td><td>
</td></tr>
<tr><td>
alisp (allegro)</td><td>
✔</td><td>
✔</td><td>
✔1</td><td>
</td></tr>
<tr><td>
gcl (obsoleted, not ANSI anyway)</td><td>
</td><td>
</td><td>
✔1 (ANSI mode)</td><td>
</td></tr>
<tr><td>
scienner (who cares?)</td><td>
</td><td>
</td><td>
✔1</td><td>
</td></tr>
<tr><td>
xcl (seems dead: last update 2010 Oct)</td><td>
</td><td>
</td><td>
✔2</td><td>
</td></tr>
<tr><td>
--- <strong>Scripting</strong></td><td>
</td><td>
</td><td>
</td><td>
</td></tr>
<tr><td>
Script templates</td><td>
✔</td><td>
</td><td>
</td><td>
</td></tr>
<tr><td>
Managing several script templates</td><td>
✔</td><td>
</td><td>
</td><td>
</td></tr>
<tr><td>
Managing scripts</td><td>
✔</td><td>
</td><td>
</td><td>
</td></tr>
<tr><td>
Bundling/installing a script to/from a quicklisp library</td><td>
✔</td><td>
</td><td>
</td><td>
</td></tr>
<tr><td>
Shell integration (e.g. bash completion)</td><td>
✔</td><td>
✔</td><td>
</td><td>
</td></tr>
<tr><td>
--- <strong>Dumping</strong></td><td>
</td><td>
</td><td>
</td><td>
</td></tr>
<tr><td>
Dump feature</td><td>
✔</td><td>
</td><td>
✔</td><td>
✔</td></tr>
<tr><td>
Managing dumped images</td><td>
✔</td><td>
</td><td>
</td><td>
</td></tr>
<tr><td>
--- <strong>CI integration</strong></td><td>
</td><td>
</td><td>
</td><td>
</td></tr>
<tr><td>
Local installation (no sudo)</td><td>
✔</td><td>
</td><td>
</td><td>
</td></tr>
<tr><td>
Helper scripts</td><td>
✔</td><td>
⚠ (via cl-travis)</td><td>
</td><td>
</td></tr>
<tr><td>
--- <strong>Quality</strong></td><td>
</td><td>
</td><td>
</td><td>
</td></tr>
<tr><td>
Documentation</td><td>
✔ organized manpage</td><td>
✔ organized man page</td><td>
⚠ Overlength manual @ <a href=\"http://www.cliki.net/cl-launch\">--help / cliki</a></td><td>
✔ <a href=\"http://www.xach.com/lisp/buildapp/\">web page</a></td></tr>
<tr><td>
Code Quality</td><td>
clean?</td><td>
&quot;sh circus&quot; (シェル芸) (keens)</td><td>
<a href=\"https://gitlab.common-lisp.net/xcvb/cl-launch/blob/master/89INTERNALS#L9\">&quot;Hard to Hack&quot;</a> (fare)</td><td>
clean?</td></tr>
<tr><td>
CI-Tested</td><td>
✔</td><td>
</td><td>
</td><td>
</td></tr>
<tr><td>
--- <strong>Others</strong></td><td>
</td><td>
</td><td>
</td><td>
</td></tr>
<tr><td>
Windows support</td><td>
✔</td><td>
</td><td>
</td><td>
</td></tr>
<tr><td>
Easy Upgrade</td><td>
</td><td>
✔ cim get</td><td>
</td><td>
</td></tr>
<tr><td>
Practical Use Case (reputation)</td><td>
good</td><td>
mainly on CI?</td><td>
fair?</td><td>
good</td></tr>
<tr><td>
Implemented in</td><td>
C+lisp</td><td>
sh+lisp</td><td>
sh+lisp</td><td>
lisp</td></tr>
</tbody>
</table>

<p>Re: Shelly, the author (Fukamachi) declared (to be precise, &quot;I think I heard him saying&quot;) it as deprecated and &quot;dead&quot; by himself.</p>
") :NAVIGATION "<h2>Home</h2>

<ul>
<li><a href=\"Home.html\">Home</a></li>
<li><a href=\"How-is-Roswell-different.html\">How is Roswell different</a></li>
</ul>

<h2>Getting started</h2>

<ul>
<li><a href=\"Installation.html\">Installation</a></li>
<li><a href=\"Initial-Recommended-Setup.html\">Initial Recommended Setup</a></li>
<li><a href=\"Upgrading-Roswell.html\">Upgrading Roswell</a></li>
<li><a href=\"Local-installation.html\">Local installation</a></li>
<li><a href=\"How-to-setup-a-lisp-dev-environment-on-windows-with-Roswell..html\">How to setup a lisp dev environment on windows with Roswell.</a></li>
</ul>

<h2>Roswell as a scripting environment</h2>

<ul>
<li><a href=\"Roswell-as-a-Scripting-Environment.html\">Roswell as a Scripting Environment</a></li>
<li><a href=\"Advanced-scripting.html\">Advanced scripting</a></li>
<li><a href=\"Reducing-Startup-Time.html\">Reducing Startup Time</a></li>
<li><a href=\"List-of-Roswell-Installable-Scripts.html\">List of Roswell Installable Scripts</a></li>
<li><a href=\"Practical-Usecases.html\">Practical Usecases</a></li>
<li><a href=\"Building-images-and-executables.html\">Building images and executables</a></li>
</ul>

<h2>Roswell as an implementation manager</h2>

<ul>
<li><a href=\"Roswell-as-an-implementation-manager.html\">Roswell as an implementation manager</a></li>
<li><a href=\"Listing-various-resources.html\">Listing various resources</a></li>
</ul>

<h2>Roswell as a Testing Environment</h2>

<ul>
<li><a href=\"Roswell-as-a-Testing-Environment.html\">Roswell as a Testing Environment</a></li>
<li><a href=\"Travis-CI.html\">Travis CI</a></li>
<li><a href=\"Circle-CI.html\">Circle CI</a></li>
<li><a href=\"Coveralls.html\">Coveralls</a></li>
</ul>

<h2>Distributing applications</h2>

<ul>
<li><a href=\"How-to-distribute-your-software,-not-library,-on-Quicklisp-ala-python-pip.html\">How to distribute your software, not library, on Quicklisp ala python pip</a></li>
</ul>

<h2>FAQ</h2>

<ul>
<li><a href=\"FAQ.html\">FAQ</a></li>
</ul>

<h2>For Developpers/Maintainers</h2>

<ul>
<li><a href=\"Release-Roswell.html\">Release Roswell</a></li>
</ul>
")
23: (MAIN)
24: (SB-INT:SIMPLE-EVAL-IN-LEXENV (APPLY (QUOTE MAIN) ROSWELL:*ARGV*) #<NULL-LEXENV>)
25: (SB-INT:SIMPLE-EVAL-IN-LEXENV (ROSWELL:QUIT (APPLY (QUOTE MAIN) ROSWELL:*ARGV*)) #<NULL-LEXENV>)
26: (SB-EXT:EVAL-TLF (ROSWELL:QUIT (APPLY (QUOTE MAIN) ROSWELL:*ARGV*)) NIL NIL)
27: ((LABELS SB-FASL::EVAL-FORM :IN SB-INT:LOAD-AS-SOURCE) (ROSWELL:QUIT (APPLY (QUOTE MAIN) ROSWELL:*ARGV*)) NIL)
28: (SB-INT:LOAD-AS-SOURCE #<CONCATENATED-STREAM :STREAMS NIL {10025B9BE3}> :VERBOSE NIL :PRINT NIL :CONTEXT "loading")
29: ((FLET SB-FASL::LOAD-STREAM :IN LOAD) #<CONCATENATED-STREAM :STREAMS NIL {10025B9BE3}> NIL)
30: (LOAD #<CONCATENATED-STREAM :STREAMS NIL {10025B9BE3}> :VERBOSE NIL :PRINT NIL :IF-DOES-NOT-EXIST T :EXTERNAL-FORMAT :DEFAULT)
31: ((FLET ROSWELL::BODY :IN ROSWELL:SCRIPT) #<SB-SYS:FD-STREAM for "file /home/masaya/roswell.github.io/wiki2html.ros" {10025B5123}>)
32: (ROSWELL:SCRIPT "./wiki2html.ros")
33: (ROSWELL:RUN ((:EVAL "(ros:quicklisp)") (:SCRIPT "./wiki2html.ros") (:QUIT NIL)))
34: (SB-INT:SIMPLE-EVAL-IN-LEXENV (ROSWELL:RUN (QUOTE ((:EVAL "(ros:quicklisp)") (:SCRIPT "./wiki2html.ros") (:QUIT NIL)))) #<NULL-LEXENV>)
35: (EVAL (ROSWELL:RUN (QUOTE ((:EVAL "(ros:quicklisp)") (:SCRIPT "./wiki2html.ros") (:QUIT NIL)))))
36: (SB-IMPL::PROCESS-EVAL/LOAD-OPTIONS ((:EVAL . "(progn #-ros.init(cl:load \"/home/masaya/.linuxbrew/Cellar/roswell/17.12.10.86/etc/roswell/init.lisp\"))") (:EVAL . "(ros:run '((:eval\"(ros:quicklisp)\")(:script \"./wiki2html.ros\")(:quit ())))")))
37: (SB-IMPL::TOPLEVEL-INIT)
38: ((FLET #:WITHOUT-INTERRUPTS-BODY-74 :IN SB-EXT:SAVE-LISP-AND-DIE))
39: ((LABELS SB-IMPL::RESTART-LISP :IN SB-EXT:SAVE-LISP-AND-DIE))

unhandled condition in --disable-debugger mode, quitting
make: *** [all] Error 1
